// Jest Snapshot v1, https://goo.gl/fbAQLP

exports[`Storyshots components|CardDeck Base 1`] = `
Array [
  <div
    className=""
  >
    <div
      className="ae"
      data-baseweb="block"
    >
      <h2
        className="af ag ah ai aj"
        data-baseweb="block"
      >
        Popular movies
      </h2>
      <div
        className="ak al ae"
        onMouseEnter={[Function]}
        onMouseLeave={[Function]}
      >
        <ul
          className="am an ao ak ap aq ar as at au av"
        >
          <li
            className="aw ax"
          >
            <div
              className="ay az b0 b1 b2 b3 b4 b5 b6 b7 b8 b9"
              data-baseweb="card"
              onClick={[Function]}
            >
              <img
                className="b2 b3 ba bb b8 bc b9 bd"
                src="https://image.tmdb.org/t/p/w500/8j58iEBw9pOXFD2L0nt0ZXeHviB.jpg"
              />
              <div
                className="be bf bg bh"
              >
                <h1
                  className="ag ah bi aj bj bk bl bm bn bo bp bq br bs bt bu bv bw"
                >
                  July 26
                </h1>
                <div
                  className="bx by ag bz c0 c1"
                />
              </div>
            </div>
          </li>
          <li
            className="aw ax"
          >
            <div
              className="ay az b0 b1 b2 b3 b4 b5 b6 b7 b8 b9"
              data-baseweb="card"
              onClick={[Function]}
            >
              <img
                className="b2 b3 ba bb b8 bc b9 bd"
                src="https://image.tmdb.org/t/p/w500/vqzNJRH4YyquRiWxCCOH0aXggHI.jpg"
              />
              <div
                className="be bf bg bh"
              >
                <h1
                  className="ag ah bi aj bj bk bl bm bn bo bp bq br bs bt bu bv bw"
                >
                  November 1
                </h1>
                <div
                  className="bx by ag bz c0 c1"
                />
              </div>
            </div>
          </li>
          <li
            className="aw ax"
          >
            <div
              className="ay az b0 b1 b2 b3 b4 b5 b6 b7 b8 b9"
              data-baseweb="card"
              onClick={[Function]}
            >
              <img
                className="b2 b3 ba bb b8 bc b9 bd"
                src="https://image.tmdb.org/t/p/w500/tBuabjEqxzoUBHfbyNbd8ulgy5j.jpg"
              />
              <div
                className="be bf bg bh"
              >
                <h1
                  className="ag ah bi aj bj bk bl bm bn bo bp bq br bs bt bu bv bw"
                >
                  October 18
                </h1>
                <div
                  className="bx by ag bz c0 c1"
                />
              </div>
            </div>
          </li>
          <li
            className="aw ax"
          >
            <div
              className="ay az b0 b1 b2 b3 b4 b5 b6 b7 b8 b9"
              data-baseweb="card"
              onClick={[Function]}
            >
              <img
                className="b2 b3 ba bb b8 bc b9 bd"
                src="https://image.tmdb.org/t/p/w500/p69QzIBbN06aTYqRRiCOY1emNBh.jpg"
              />
              <div
                className="be bf bg bh"
              >
                <h1
                  className="ag ah bi aj bj bk bl bm bn bo bp bq br bs bt bu bv bw"
                >
                  November 8
                </h1>
                <div
                  className="bx by ag bz c0 c1"
                />
              </div>
            </div>
          </li>
          <li
            className="aw ax"
          >
            <div
              className="ay az b0 b1 b2 b3 b4 b5 b6 b7 b8 b9"
              data-baseweb="card"
              onClick={[Function]}
            >
              <img
                className="b2 b3 ba bb b8 bc b9 bd"
                src="https://image.tmdb.org/t/p/w500/pIcV8XXIIvJCbtPoxF9qHMKdRr2.jpg"
              />
              <div
                className="be bf bg bh"
              >
                <h1
                  className="ag ah bi aj bj bk bl bm bn bo bp bq br bs bt bu bv bw"
                >
                  October 18
                </h1>
                <div
                  className="bx by ag bz c0 c1"
                />
              </div>
            </div>
          </li>
          <li
            className="aw ax"
          >
            <div
              className="ay az b0 b1 b2 b3 b4 b5 b6 b7 b8 b9"
              data-baseweb="card"
              onClick={[Function]}
            >
              <img
                className="b2 b3 ba bb b8 bc b9 bd"
                src="https://image.tmdb.org/t/p/w500/7IiTTgloJzvGI1TAYymCfbfl3vT.jpg"
              />
              <div
                className="be bf bg bh"
              >
                <h1
                  className="ag ah bi aj bj bk bl bm bn bo bp bq br bs bt bu bv bw"
                >
                  October 11
                </h1>
                <div
                  className="bx by ag bz c0 c1"
                />
              </div>
            </div>
          </li>
          <li
            className="aw ax"
          >
            <div
              className="ay az b0 b1 b2 b3 b4 b5 b6 b7 b8 b9"
              data-baseweb="card"
              onClick={[Function]}
            >
              <img
                className="b2 b3 ba bb b8 bc b9 bd"
                src="https://image.tmdb.org/t/p/w500/jIbTPKCRWgmS2HaafKXeRaPHMGp.jpg"
              />
              <div
                className="be bf bg bh"
              >
                <h1
                  className="ag ah bi aj bj bk bl bm bn bo bp bq br bs bt bu bv bw"
                >
                  November 8
                </h1>
                <div
                  className="bx by ag bz c0 c1"
                />
              </div>
            </div>
          </li>
        </ul>
        <button
          className="c2 c3 c4 b7 c5 c6 c7 c8 c9 ca cb cc cd ce"
          onClick={[Function]}
        >
          &lt;
        </button>
        <button
          className="c2 c3 c4 b7 c5 c6 c7 c8 c9 ca cb cc cd cf"
          onClick={[Function]}
        >
          &gt;
        </button>
      </div>
    </div>
  </div>,
  <div
    className=""
  />,
]
`;

exports[`Storyshots components|Hero Base 1`] = `
Array [
  <div
    className=""
  >
    <div
      className="ak"
    >
      <div
        className="c2 ak ch al"
      >
        <div
          className="ak ap c2 ci cj"
        />
        <div
          className="c2 ce cf c4 ck cl"
        />
        <img
          alt="No poster"
          className="cm ak ap cn"
          src="https://image.tmdb.org/t/p/w500/9Vp8MKqrwRAtvACF7PBwbvdG4dq.jpg"
        />
        <img
          alt="No backdrop"
          className="cd co cp cq cr"
          src="https://image.tmdb.org/t/p/original/zTxHf9iIOCqRbxvl8W5QYKrsMLq.jpg"
        />
      </div>
      <div
        className="aq ae cs ct cu cv cw"
      >
        <div
          className="cx cd cy al cz d0"
        >
          <img
            alt="No poster"
            className="ak d1"
            src="https://image.tmdb.org/t/p/w500/9Vp8MKqrwRAtvACF7PBwbvdG4dq.jpg"
          />
        </div>
        <div
          className="d2 aq d3"
        >
          <div
            className=""
          >
            <h2
              className="d4 ag d5 bi d6 c7"
            >
              Jumanji: The Next Level
            </h2>
            <h3
              className="d7 ag c9 bi aj"
            >
              December 12, 2019
            </h3>
            <div
              className=""
            >
              <button
                className="d8 d9 da db dc dd de df dg dh di b7 dj dk dl bk bl bm dm ag dn bi do b3 b5 b2 b4 dp dq dr ds dt du dv dw dx"
                data-baseweb="button"
                disabled={false}
                onClick={[Function]}
              >
                <div
                  className="aq dy"
                >
                  <svg
                    className="dz e0 e1 e2 e3"
                    data-baseweb="icon"
                    viewBox="0 0 24 24"
                  >
                    <title>
                      Plus
                    </title>
                    <path
                      clipRule="evenodd"
                      d="M12 5C12.5523 5 13 5.44772 13 6V11L18 11C18.5523 11 19 11.4477 19 12C19 12.5523 18.5523 13 18 13L13 13V18C13 18.5523 12.5523 19 12 19C11.4477 19 11 18.5523 11 18V13L6 13C5.44772 13 5 12.5523 5 12C5 11.4477 5.44771 11 6 11L11 11V6C11 5.44772 11.4477 5 12 5Z"
                      fillRule="evenodd"
                    />
                  </svg>
                </div>
                Watchlist
              </button>
              <div
                className="e4 e5"
                data-baseweb="block"
              />
              <button
                className="d8 d9 da db dc dd de df dg dh di b7 dj dk dl bk bl bm dm ag dn bi do b3 b5 b2 b4 dp dq dr ds e6 e7 e8 e9 ea"
                data-baseweb="button"
                disabled={false}
                onClick={[Function]}
              >
                <div
                  className="aq dy"
                >
                  <svg
                    className="dz e0 e1 e2 e3"
                    data-baseweb="icon"
                    viewBox="0 0 20 20"
                  >
                    <title>
                      Show
                    </title>
                    <path
                      d="M.2 10a11 11 0 0119.6 0A11 11 0 01.2 10zm9.8 4a4 4 0 100-8 4 4 0 000 8zm0-2a2 2 0 110-4 2 2 0 010 4z"
                    />
                  </svg>
                </div>
                More Info
              </button>
            </div>
          </div>
          <div
            className="eb aq ec ed ee ef"
          >
            <button
              className="c6 eg b7 ae eh ei aw ej ek"
              onClick={[Function]}
            >
              <div
                className="ak ap c2 ci el"
              />
              <img
                alt="No backdrop"
                className="ak d1"
                src="https://image.tmdb.org/t/p/original/zTxHf9iIOCqRbxvl8W5QYKrsMLq.jpg"
              />
            </button>
            <button
              className="c6 eg b7 ae eh ei aw ej ek"
              onClick={[Function]}
            >
              <div
                className="ak ap c2 ci em"
              />
              <img
                alt="No backdrop"
                className="ak d1"
                src="https://image.tmdb.org/t/p/w1280/1ZSjrBUHP2jm1QlQEyLGufL289q.jpg"
              />
            </button>
            <button
              className="c6 eg b7 ae eh ei aw ej ek"
              onClick={[Function]}
            >
              <div
                className="ak ap c2 ci em"
              />
              <img
                alt="No backdrop"
                className="ak d1"
                src="https://image.tmdb.org/t/p/w1280/aZ1ZqJ4uO1RK5gU5jRsO4qG7rJo.jpg"
              />
            </button>
            <button
              className="c6 eg b7 ae eh ei aw ej ek"
              onClick={[Function]}
            >
              <div
                className="ak ap c2 ci em"
              />
              <img
                alt="No backdrop"
                className="ak d1"
                src="https://image.tmdb.org/t/p/w1280/n3UanIvmnBlH531pykuzNs4LbH6.jpg"
              />
            </button>
            <button
              className="c6 eg b7 ae eh ei aw ej ek"
              onClick={[Function]}
            >
              <div
                className="ak ap c2 ci em"
              />
              <img
                alt="No backdrop"
                className="ak d1"
                src="https://image.tmdb.org/t/p/w1280/1ZSjrBUHP2jm1QlQEyLGufL289q.jpg"
              />
            </button>
          </div>
        </div>
      </div>
    </div>
  </div>,
  <div
    className=""
  />,
]
`;

exports[`Storyshots components|Login Base 1`] = `
Array [
  <div
    className=""
  />,
  <div
    className=""
  />,
]
`;
